Analysis failed: Gemini API error: models/50f276fcabbe is not found for API version v1beta, or is not supported for generateContent. Call ListModels to see the list of available models and their supported methods.